22:05:39 **** Incremental Build of configuration Debug for project bluePill_DCF77_BP ****
make -j20 all 
arm-none-eabi-gcc "../Core/Src/main.c" -mcpu=cortex-m3 -std=gnu11 -g3 -DDEBUG -DUSE_HAL_DRIVER -DSTM32F103xB -c -I../Core/Inc -I../Drivers/STM32F1xx_HAL_Driver/Inc -I../Drivers/STM32F1xx_HAL_Driver/Inc/Legacy -I../Drivers/CMSIS/Device/ST/STM32F1xx/Include -I../Drivers/CMSIS/Include -O0 -ffunction-sections -fdata-sections -Wall -fstack-usage -fcyclomatic-complexity -MMD -MP -MF"Core/Src/main.d" -MT"Core/Src/main.o" --specs=nano.specs -mfloat-abi=soft -mthumb -o "Core/Src/main.o"
arm-none-eabi-gcc -o "bluePill_DCF77_BP.elf" @"objects.list"   -mcpu=cortex-m3 -T"C:\Users\leand\git\SiCo1_Project\stm32-implementation\bluePill_DCF77_BP\STM32F103C8TX_FLASH.ld" --specs=nosys.specs -Wl,-Map="bluePill_DCF77_BP.map" -Wl,--gc-sections -static --specs=nano.specs -mfloat-abi=soft -mthumb -Wl,--start-group -lc -lm -Wl,--end-group
Finished building target: bluePill_DCF77_BP.elf
 
arm-none-eabi-size  bluePill_DCF77_BP.elf 
arm-none-eabi-objdump -h -S bluePill_DCF77_BP.elf  > "bluePill_DCF77_BP.list"
   text	   data	    bss	    dec	    hex	filename
  20708	    112	   3040	  23860	   5d34	bluePill_DCF77_BP.elf
Finished building: default.size.stdout
 
Finished building: bluePill_DCF77_BP.list
 
22:05:46 **** Incremental Build of configuration Debug for project bluePill_DCF77_BP ****
make -j20 all 
arm-none-eabi-size  bluePill_DCF77_BP.elf 
   text	   data	    bss	    dec	    hex	filename
  20708	    112	   3040	  23860	   5d34	bluePill_DCF77_BP.elf
Finished building: default.size.stdout
 
